[35m[1mScanning dependencies of target rp_library[0m
[ 13%] [32mBuilding CXX object src/rp_stuff/CMakeFiles/rp_library.dir/laser_scan.cpp.o[0m
[ 13%] [32mBuilding CXX object src/rp_stuff/CMakeFiles/rp_library.dir/grid_map.cpp.o[0m
[ 13%] [32mBuilding CXX object src/rp_stuff/CMakeFiles/rp_library.dir/draw_helpers.cpp.o[0m
[ 18%] [32mBuilding CXX object src/rp_stuff/CMakeFiles/rp_library.dir/world_item.cpp.o[0m
[ 22%] [32mBuilding CXX object src/rp_stuff/CMakeFiles/rp_library.dir/laser_scanner.cpp.o[0m
[ 27%] [32mBuilding CXX object src/rp_stuff/CMakeFiles/rp_library.dir/dmap.cpp.o[0m
[ 31%] [32mBuilding CXX object src/rp_stuff/CMakeFiles/rp_library.dir/dmap_localizer.cpp.o[0m
[01m[K/home/lattinone/Desktop/progetto/RP_Dmap/src/listener/src/rp_stuff/dmap_localizer.cpp:[m[K In member function ‘[01m[Kbool DMapLocalizer::localize(const std::vector<Eigen::Matrix<float, 2, 1> >&, int)[m[K’:
[01m[K/home/lattinone/Desktop/progetto/RP_Dmap/src/listener/src/rp_stuff/dmap_localizer.cpp:125:31:[m[K [01;35m[Kwarning: [m[KISO C++ says that these are ambiguous, even though the worst conversion for the first is better than the worst conversion for the second:
  125 |       float e=distances(p_grid[01;35m[K)[m[K;
      |                               [01;35m[K^[m[K
In file included from [01m[K/home/lattinone/Desktop/progetto/RP_Dmap/src/listener/src/rp_stuff/dmap.h:2[m[K,
                 from [01m[K/home/lattinone/Desktop/progetto/RP_Dmap/src/listener/src/rp_stuff/dmap_localizer.h:4[m[K,
                 from [01m[K/home/lattinone/Desktop/progetto/RP_Dmap/src/listener/src/rp_stuff/dmap_localizer.cpp:1[m[K:
[01m[K/home/lattinone/Desktop/progetto/RP_Dmap/src/listener/src/rp_stuff/grid.h:69:25:[m[K [01;36m[Knote: [m[Kcandidate 1: ‘[01m[Kconst CellType Grid_<CellType_>::operator()(const Vector2f&) const [with CellType_ = float; Grid_<CellType_>::CellType = float; Vector2f = Eigen::Matrix<float, 2, 1>][m[K’
   69 |   inline const CellType [01;36m[Koperator[m[K()(const Vector2f& coordinates) const {
      |                         [01;36m[K^~~~~~~~[m[K
[01m[K/home/lattinone/Desktop/progetto/RP_Dmap/src/listener/src/rp_stuff/grid.h:48:20:[m[K [01;36m[Knote: [m[Kcandidate 2: ‘[01m[KGrid_<CellType_>::CellType& Grid_<CellType_>::operator()(const Vector2i&) [with CellType_ = float; Grid_<CellType_>::CellType = float; Vector2i = Eigen::Matrix<int, 2, 1>][m[K’
   48 |   inline CellType& [01;36m[Koperator[m[K()(const Vector2i& coordinates) {
      |                    [01;36m[K^~~~~~~~[m[K
[01m[K/home/lattinone/Desktop/progetto/RP_Dmap/src/listener/src/rp_stuff/dmap_localizer.cpp:125:31:[m[K [01;35m[Kwarning: [m[KISO C++ says that these are ambiguous, even though the worst conversion for the first is better than the worst conversion for the second:
  125 |       float e=distances(p_grid[01;35m[K)[m[K;
      |                               [01;35m[K^[m[K
In file included from [01m[K/home/lattinone/Desktop/progetto/RP_Dmap/src/listener/src/rp_stuff/dmap.h:2[m[K,
                 from [01m[K/home/lattinone/Desktop/progetto/RP_Dmap/src/listener/src/rp_stuff/dmap_localizer.h:4[m[K,
                 from [01m[K/home/lattinone/Desktop/progetto/RP_Dmap/src/listener/src/rp_stuff/dmap_localizer.cpp:1[m[K:
[01m[K/home/lattinone/Desktop/progetto/RP_Dmap/src/listener/src/rp_stuff/grid.h:69:25:[m[K [01;36m[Knote: [m[Kcandidate 1: ‘[01m[Kconst CellType Grid_<CellType_>::operator()(const Vector2f&) const [with CellType_ = float; Grid_<CellType_>::CellType = float; Vector2f = Eigen::Matrix<float, 2, 1>][m[K’
   69 |   inline const CellType [01;36m[Koperator[m[K()(const Vector2f& coordinates) const {
      |                         [01;36m[K^~~~~~~~[m[K
[01m[K/home/lattinone/Desktop/progetto/RP_Dmap/src/listener/src/rp_stuff/grid.h:48:20:[m[K [01;36m[Knote: [m[Kcandidate 2: ‘[01m[KGrid_<CellType_>::CellType& Grid_<CellType_>::operator()(const Vector2i&) [with CellType_ = float; Grid_<CellType_>::CellType = float; Vector2i = Eigen::Matrix<int, 2, 1>][m[K’
   48 |   inline CellType& [01;36m[Koperator[m[K()(const Vector2i& coordinates) {
      |                    [01;36m[K^~~~~~~~[m[K
[01m[K/home/lattinone/Desktop/progetto/RP_Dmap/src/listener/src/rp_stuff/dmap_localizer.cpp:133:37:[m[K [01;35m[Kwarning: [m[KISO C++ says that these are ambiguous, even though the worst conversion for the first is better than the worst conversion for the second:
  133 |       J_dmap.x()=distances_dc(p_grid[01;35m[K)[m[K;
      |                                     [01;35m[K^[m[K
In file included from [01m[K/home/lattinone/Desktop/progetto/RP_Dmap/src/listener/src/rp_stuff/dmap.h:2[m[K,
                 from [01m[K/home/lattinone/Desktop/progetto/RP_Dmap/src/listener/src/rp_stuff/dmap_localizer.h:4[m[K,
                 from [01m[K/home/lattinone/Desktop/progetto/RP_Dmap/src/listener/src/rp_stuff/dmap_localizer.cpp:1[m[K:
[01m[K/home/lattinone/Desktop/progetto/RP_Dmap/src/listener/src/rp_stuff/grid.h:69:25:[m[K [01;36m[Knote: [m[Kcandidate 1: ‘[01m[Kconst CellType Grid_<CellType_>::operator()(const Vector2f&) const [with CellType_ = float; Grid_<CellType_>::CellType = float; Vector2f = Eigen::Matrix<float, 2, 1>][m[K’
   69 |   inline const CellType [01;36m[Koperator[m[K()(const Vector2f& coordinates) const {
      |                         [01;36m[K^~~~~~~~[m[K
[01m[K/home/lattinone/Desktop/progetto/RP_Dmap/src/listener/src/rp_stuff/grid.h:48:20:[m[K [01;36m[Knote: [m[Kcandidate 2: ‘[01m[KGrid_<CellType_>::CellType& Grid_<CellType_>::operator()(const Vector2i&) [with CellType_ = float; Grid_<CellType_>::CellType = float; Vector2i = Eigen::Matrix<int, 2, 1>][m[K’
   48 |   inline CellType& [01;36m[Koperator[m[K()(const Vector2i& coordinates) {
      |                    [01;36m[K^~~~~~~~[m[K
[01m[K/home/lattinone/Desktop/progetto/RP_Dmap/src/listener/src/rp_stuff/dmap_localizer.cpp:133:37:[m[K [01;35m[Kwarning: [m[KISO C++ says that these are ambiguous, even though the worst conversion for the first is better than the worst conversion for the second:
  133 |       J_dmap.x()=distances_dc(p_grid[01;35m[K)[m[K;
      |                                     [01;35m[K^[m[K
In file included from [01m[K/home/lattinone/Desktop/progetto/RP_Dmap/src/listener/src/rp_stuff/dmap.h:2[m[K,
                 from [01m[K/home/lattinone/Desktop/progetto/RP_Dmap/src/listener/src/rp_stuff/dmap_localizer.h:4[m[K,
                 from [01m[K/home/lattinone/Desktop/progetto/RP_Dmap/src/listener/src/rp_stuff/dmap_localizer.cpp:1[m[K:
[01m[K/home/lattinone/Desktop/progetto/RP_Dmap/src/listener/src/rp_stuff/grid.h:69:25:[m[K [01;36m[Knote: [m[Kcandidate 1: ‘[01m[Kconst CellType Grid_<CellType_>::operator()(const Vector2f&) const [with CellType_ = float; Grid_<CellType_>::CellType = float; Vector2f = Eigen::Matrix<float, 2, 1>][m[K’
   69 |   inline const CellType [01;36m[Koperator[m[K()(const Vector2f& coordinates) const {
      |                         [01;36m[K^~~~~~~~[m[K
[01m[K/home/lattinone/Desktop/progetto/RP_Dmap/src/listener/src/rp_stuff/grid.h:48:20:[m[K [01;36m[Knote: [m[Kcandidate 2: ‘[01m[KGrid_<CellType_>::CellType& Grid_<CellType_>::operator()(const Vector2i&) [with CellType_ = float; Grid_<CellType_>::CellType = float; Vector2i = Eigen::Matrix<int, 2, 1>][m[K’
   48 |   inline CellType& [01;36m[Koperator[m[K()(const Vector2i& coordinates) {
      |                    [01;36m[K^~~~~~~~[m[K
[01m[K/home/lattinone/Desktop/progetto/RP_Dmap/src/listener/src/rp_stuff/dmap_localizer.cpp:134:37:[m[K [01;35m[Kwarning: [m[KISO C++ says that these are ambiguous, even though the worst conversion for the first is better than the worst conversion for the second:
  134 |       J_dmap.y()=distances_dr(p_grid[01;35m[K)[m[K;
      |                                     [01;35m[K^[m[K
In file included from [01m[K/home/lattinone/Desktop/progetto/RP_Dmap/src/listener/src/rp_stuff/dmap.h:2[m[K,
                 from [01m[K/home/lattinone/Desktop/progetto/RP_Dmap/src/listener/src/rp_stuff/dmap_localizer.h:4[m[K,
                 from [01m[K/home/lattinone/Desktop/progetto/RP_Dmap/src/listener/src/rp_stuff/dmap_localizer.cpp:1[m[K:
[01m[K/home/lattinone/Desktop/progetto/RP_Dmap/src/listener/src/rp_stuff/grid.h:69:25:[m[K [01;36m[Knote: [m[Kcandidate 1: ‘[01m[Kconst CellType Grid_<CellType_>::operator()(const Vector2f&) const [with CellType_ = float; Grid_<CellType_>::CellType = float; Vector2f = Eigen::Matrix<float, 2, 1>][m[K’
   69 |   inline const CellType [01;36m[Koperator[m[K()(const Vector2f& coordinates) const {
      |                         [01;36m[K^~~~~~~~[m[K
[01m[K/home/lattinone/Desktop/progetto/RP_Dmap/src/listener/src/rp_stuff/grid.h:48:20:[m[K [01;36m[Knote: [m[Kcandidate 2: ‘[01m[KGrid_<CellType_>::CellType& Grid_<CellType_>::operator()(const Vector2i&) [with CellType_ = float; Grid_<CellType_>::CellType = float; Vector2i = Eigen::Matrix<int, 2, 1>][m[K’
   48 |   inline CellType& [01;36m[Koperator[m[K()(const Vector2i& coordinates) {
      |                    [01;36m[K^~~~~~~~[m[K
[01m[K/home/lattinone/Desktop/progetto/RP_Dmap/src/listener/src/rp_stuff/dmap_localizer.cpp:134:37:[m[K [01;35m[Kwarning: [m[KISO C++ says that these are ambiguous, even though the worst conversion for the first is better than the worst conversion for the second:
  134 |       J_dmap.y()=distances_dr(p_grid[01;35m[K)[m[K;
      |                                     [01;35m[K^[m[K
In file included from [01m[K/home/lattinone/Desktop/progetto/RP_Dmap/src/listener/src/rp_stuff/dmap.h:2[m[K,
                 from [01m[K/home/lattinone/Desktop/progetto/RP_Dmap/src/listener/src/rp_stuff/dmap_localizer.h:4[m[K,
                 from [01m[K/home/lattinone/Desktop/progetto/RP_Dmap/src/listener/src/rp_stuff/dmap_localizer.cpp:1[m[K:
[01m[K/home/lattinone/Desktop/progetto/RP_Dmap/src/listener/src/rp_stuff/grid.h:69:25:[m[K [01;36m[Knote: [m[Kcandidate 1: ‘[01m[Kconst CellType Grid_<CellType_>::operator()(const Vector2f&) const [with CellType_ = float; Grid_<CellType_>::CellType = float; Vector2f = Eigen::Matrix<float, 2, 1>][m[K’
   69 |   inline const CellType [01;36m[Koperator[m[K()(const Vector2f& coordinates) const {
      |                         [01;36m[K^~~~~~~~[m[K
[01m[K/home/lattinone/Desktop/progetto/RP_Dmap/src/listener/src/rp_stuff/grid.h:48:20:[m[K [01;36m[Knote: [m[Kcandidate 2: ‘[01m[KGrid_<CellType_>::CellType& Grid_<CellType_>::operator()(const Vector2i&) [with CellType_ = float; Grid_<CellType_>::CellType = float; Vector2i = Eigen::Matrix<int, 2, 1>][m[K’
   48 |   inline CellType& [01;36m[Koperator[m[K()(const Vector2i& coordinates) {
      |                    [01;36m[K^~~~~~~~[m[K
[ 36%] [32m[1mLinking CXX shared library /home/lattinone/Desktop/progetto/RP_Dmap/devel/.private/listener/lib/librp_library.so[0m
[ 36%] Built target rp_library
[35m[1mScanning dependencies of target test_grid_map[0m
[35m[1mScanning dependencies of target grid_main[0m
[35m[1mScanning dependencies of target listener_node[0m
[35m[1mScanning dependencies of target dmap_localizer_test[0m
[ 40%] [32mBuilding CXX object src/rp_stuff/CMakeFiles/test_grid_map.dir/test_grid_map.cpp.o[0m
[ 45%] [32mBuilding CXX object src/rp_stuff/CMakeFiles/grid_main.dir/grid_main.cpp.o[0m
[ 50%] [32mBuilding CXX object src/rp_stuff/CMakeFiles/dmap_localizer_test.dir/dmap_localizer_test.cpp.o[0m
[ 54%] [32mBuilding CXX object src/CMakeFiles/listener_node.dir/listener_node.cpp.o[0m
[01m[K/home/lattinone/Desktop/progetto/RP_Dmap/src/listener/src/rp_stuff/grid_main.cpp:[m[K In function ‘[01m[Kint main()[m[K’:
[01m[K/home/lattinone/Desktop/progetto/RP_Dmap/src/listener/src/rp_stuff/grid_main.cpp:21:33:[m[K [01;35m[Kwarning: [m[KISO C++ says that these are ambiguous, even though the worst conversion for the first is better than the worst conversion for the second:
   21 |       cout << grid(Vector2f(c,r)[01;35m[K)[m[K << " ";
      |                                 [01;35m[K^[m[K
In file included from [01m[K/home/lattinone/Desktop/progetto/RP_Dmap/src/listener/src/rp_stuff/grid_main.cpp:1[m[K:
[01m[K/home/lattinone/Desktop/progetto/RP_Dmap/src/listener/src/rp_stuff/grid.h:69:25:[m[K [01;36m[Knote: [m[Kcandidate 1: ‘[01m[Kconst CellType Grid_<CellType_>::operator()(const Vector2f&) const [with CellType_ = float; Grid_<CellType_>::CellType = float; Vector2f = Eigen::Matrix<float, 2, 1>][m[K’
   69 |   inline const CellType [01;36m[Koperator[m[K()(const Vector2f& coordinates) const {
      |                         [01;36m[K^~~~~~~~[m[K
[01m[K/home/lattinone/Desktop/progetto/RP_Dmap/src/listener/src/rp_stuff/grid.h:48:20:[m[K [01;36m[Knote: [m[Kcandidate 2: ‘[01m[KGrid_<CellType_>::CellType& Grid_<CellType_>::operator()(const Vector2i&) [with CellType_ = float; Grid_<CellType_>::CellType = float; Vector2i = Eigen::Matrix<int, 2, 1>][m[K’
   48 |   inline CellType& [01;36m[Koperator[m[K()(const Vector2i& coordinates) {
      |                    [01;36m[K^~~~~~~~[m[K
[01m[K/home/lattinone/Desktop/progetto/RP_Dmap/src/listener/src/rp_stuff/grid_main.cpp:21:33:[m[K [01;35m[Kwarning: [m[KISO C++ says that these are ambiguous, even though the worst conversion for the first is better than the worst conversion for the second:
   21 |       cout << grid(Vector2f(c,r)[01;35m[K)[m[K << " ";
      |                                 [01;35m[K^[m[K
In file included from [01m[K/home/lattinone/Desktop/progetto/RP_Dmap/src/listener/src/rp_stuff/grid_main.cpp:1[m[K:
[01m[K/home/lattinone/Desktop/progetto/RP_Dmap/src/listener/src/rp_stuff/grid.h:69:25:[m[K [01;36m[Knote: [m[Kcandidate 1: ‘[01m[Kconst CellType Grid_<CellType_>::operator()(const Vector2f&) const [with CellType_ = float; Grid_<CellType_>::CellType = float; Vector2f = Eigen::Matrix<float, 2, 1>][m[K’
   69 |   inline const CellType [01;36m[Koperator[m[K()(const Vector2f& coordinates) const {
      |                         [01;36m[K^~~~~~~~[m[K
[01m[K/home/lattinone/Desktop/progetto/RP_Dmap/src/listener/src/rp_stuff/grid.h:48:20:[m[K [01;36m[Knote: [m[Kcandidate 2: ‘[01m[KGrid_<CellType_>::CellType& Grid_<CellType_>::operator()(const Vector2i&) [with CellType_ = float; Grid_<CellType_>::CellType = float; Vector2i = Eigen::Matrix<int, 2, 1>][m[K’
   48 |   inline CellType& [01;36m[Koperator[m[K()(const Vector2i& coordinates) {
      |                    [01;36m[K^~~~~~~~[m[K
[ 59%] [32m[1mLinking CXX executable /home/lattinone/Desktop/progetto/RP_Dmap/devel/.private/listener/lib/listener/test_grid_map[0m
[ 63%] [32m[1mLinking CXX executable /home/lattinone/Desktop/progetto/RP_Dmap/devel/.private/listener/lib/listener/grid_main[0m
[ 63%] Built target grid_main
[35m[1mScanning dependencies of target dmap_test_in_class[0m
[ 68%] [32mBuilding CXX object src/rp_stuff/CMakeFiles/dmap_test_in_class.dir/dmap_test.cpp.o[0m
[ 72%] [32m[1mLinking CXX executable /home/lattinone/Desktop/progetto/RP_Dmap/devel/.private/listener/lib/listener/dmap_localizer_test[0m
[ 72%] Built target test_grid_map
[35m[1mScanning dependencies of target rp_simulator[0m
[ 77%] [32mBuilding CXX object src/rp_stuff/CMakeFiles/rp_simulator.dir/simulator.cpp.o[0m
[ 77%] Built target dmap_localizer_test
[35m[1mScanning dependencies of target dmap_grid_localizer_test[0m
[ 81%] [32mBuilding CXX object src/rp_stuff/CMakeFiles/dmap_grid_localizer_test.dir/dmap_grid_localizer_test.cpp.o[0m
[ 86%] [32m[1mLinking CXX executable /home/lattinone/Desktop/progetto/RP_Dmap/devel/.private/listener/lib/listener/listener_node[0m
[ 90%] [32m[1mLinking CXX executable /home/lattinone/Desktop/progetto/RP_Dmap/devel/.private/listener/lib/listener/dmap_test_in_class[0m
[ 90%] Built target dmap_test_in_class
[ 90%] Built target listener_node
[ 95%] [32m[1mLinking CXX executable /home/lattinone/Desktop/progetto/RP_Dmap/devel/.private/listener/lib/listener/rp_simulator[0m
[100%] [32m[1mLinking CXX executable /home/lattinone/Desktop/progetto/RP_Dmap/devel/.private/listener/lib/listener/dmap_grid_localizer_test[0m
[100%] Built target rp_simulator
[100%] Built target dmap_grid_localizer_test
